01:21:21.119 | V |                      | ArgumentsFromParametersFile.OnBuildCreated (150)
01:21:21.142 | V |                      | HandleReSharperSurrogateArguments.OnBuildCreated (150)
01:21:21.143 | V |                      | InjectParameterValues.OnBuildCreated (100)
01:21:21.166 | V |                      | HandleShellCompletion.OnBuildCreated (75)
01:21:21.421 | V |                      | GenerateBuildServerConfigurations.OnBuildCreated (50)
01:21:21.421 | V |                      | InvokeBuildServerConfigurationGeneration.OnBuildCreated (45)
01:21:21.431 | V |                      | UpdateNotification.OnBuildCreated (10)
01:21:21.432 | V |                      | UnsetVisualStudioEnvironmentVariables.OnBuildCreated (0)
01:21:21.432 | V |                      | HandleVisualStudioDebugging.OnBuildCreated (0)
01:21:21.433 | V |                      | EventInvoker.OnBuildCreated (-3.4028235E+38)
01:21:21.449 | V |                      | HandlePlanRequests.OnBuildInitialized (10)
01:21:21.449 | V |                      | HandleHelpRequests.OnBuildInitialized (5)
01:21:21.449 | V |                      | Telemetry.OnBuildInitialized (0)
01:21:22.129 | V |                      | Sending BuildStarted telemetry event ...
01:21:22.132 | V |                      |   build_components         = 
01:21:22.132 | V |                      |   build_type               = Project
01:21:22.132 | V |                      |   compile_time             = 6
01:21:22.132 | V |                      |   config_generators        = 
01:21:22.132 | V |                      |   host                     = Terminal
01:21:22.132 | V |                      |   num_custom_components    = 0
01:21:22.132 | V |                      |   num_custom_extensions    = 0
01:21:22.132 | V |                      |   num_partitioned_targets  = 0
01:21:22.132 | V |                      |   num_secrets              = 0
01:21:22.132 | V |                      |   num_targets              = 13
01:21:22.132 | V |                      |   os_architecture          = X64
01:21:22.132 | V |                      |   os_platform              = Windows
01:21:22.132 | V |                      |   repo_branch              = <null>
01:21:22.132 | V |                      |   repo_commit              = b2ca6b
01:21:22.132 | V |                      |   repo_provider            = GitHub
01:21:22.132 | V |                      |   repo_url                 = 051460
01:21:22.132 | V |                      |   target_framework         = .NETCoreApp,Version=v8.0
01:21:22.132 | V |                      |   version_dotnet_sdk       = 8.0.403
01:21:22.132 | V |                      |   version_nuke_common      = 9.0.4
01:21:22.132 | V |                      |   version_nuke_global_tool = 9.0.4
01:21:22.936 | V |                      | InjectNonParameterValues.OnBuildInitialized (-100)
01:21:22.981 | V |                      | EventInvoker.OnBuildInitialized (-3.4028235E+38)
01:21:22.993 | V | PrintChangedServices | EventInvoker.OnTargetRunning (-3.4028235E+38)
01:21:23.082 | I | PrintChangedServices | > "C:\Program Files\Git\mingw64\bin\git.exe" diff --name-only HEAD~1 HEAD
01:21:23.087 | V | PrintChangedServices | @ D:\Test\Project\educify-backend\shared\cache
01:21:23.177 | D | PrintChangedServices | .github/workflows/dev.yaml
01:21:23.178 | D | PrintChangedServices | .vs/MonoRepo/v17/.suo
01:21:23.178 | D | PrintChangedServices | services/AuthService/Controllers/AuthController.cs
01:21:23.179 | D | PrintChangedServices | services/UserService/Controllers/ProfilesController.cs
01:21:23.181 | I | PrintChangedServices | Changed Services: AuthService, UserService
01:21:23.182 | V | PrintChangedServices | Telemetry.OnTargetSucceeded (0)
01:21:23.182 | V | PrintChangedServices | EventInvoker.OnTargetSucceeded (-3.4028235E+38)
01:21:23.188 | V |                      | UpdateNotification.OnBuildFinished (10)
01:21:23.188 | V |                      | SerializeBuildServerState.OnBuildFinished (0)
01:21:23.188 | V |                      | EventInvoker.OnBuildFinished (-3.4028235E+38)
